Archive member included to satisfy reference by file (symbol)

/Applications/STM32CubeIDE.app/Contents/Eclipse/plugins/com.st.stm32cube.ide.mcu.externaltools.gnu-tools-for-stm32.14.3.rel1.macosaarch64_1.0.0.202602081740/tools/bin/../lib/gcc/arm-none-eabi/14.3.1/../../../../arm-none-eabi/lib/thumb/v7e-m+fp/hard/libc_nano.a(libc_a-exit.o)
                              /Applications/STM32CubeIDE.app/Contents/Eclipse/plugins/com.st.stm32cube.ide.mcu.externaltools.gnu-tools-for-stm32.14.3.rel1.macosaarch64_1.0.0.202602081740/tools/bin/../lib/gcc/arm-none-eabi/14.3.1/../../../../arm-none-eabi/lib/thumb/v7e-m+fp/hard/crt0.o (exit)
/Applications/STM32CubeIDE.app/Contents/Eclipse/plugins/com.st.stm32cube.ide.mcu.externaltools.gnu-tools-for-stm32.14.3.rel1.macosaarch64_1.0.0.202602081740/tools/bin/../lib/gcc/arm-none-eabi/14.3.1/../../../../arm-none-eabi/lib/thumb/v7e-m+fp/hard/libc_nano.a(libc_a-findfp.o)
                              /Applications/STM32CubeIDE.app/Contents/Eclipse/plugins/com.st.stm32cube.ide.mcu.externaltools.gnu-tools-for-stm32.14.3.rel1.macosaarch64_1.0.0.202602081740/tools/bin/../lib/gcc/arm-none-eabi/14.3.1/../../../../arm-none-eabi/lib/thumb/v7e-m+fp/hard/libc_nano.a(libc_a-exit.o) (__stdio_exit_handler)
/Applications/STM32CubeIDE.app/Contents/Eclipse/plugins/com.st.stm32cube.ide.mcu.externaltools.gnu-tools-for-stm32.14.3.rel1.macosaarch64_1.0.0.202602081740/tools/bin/../lib/gcc/arm-none-eabi/14.3.1/../../../../arm-none-eabi/lib/thumb/v7e-m+fp/hard/libc_nano.a(libc_a-fwalk.o)
                              /Applications/STM32CubeIDE.app/Contents/Eclipse/plugins/com.st.stm32cube.ide.mcu.externaltools.gnu-tools-for-stm32.14.3.rel1.macosaarch64_1.0.0.202602081740/tools/bin/../lib/gcc/arm-none-eabi/14.3.1/../../../../arm-none-eabi/lib/thumb/v7e-m+fp/hard/libc_nano.a(libc_a-findfp.o) (_fwalk_sglue)
/Applications/STM32CubeIDE.app/Contents/Eclipse/plugins/com.st.stm32cube.ide.mcu.externaltools.gnu-tools-for-stm32.14.3.rel1.macosaarch64_1.0.0.202602081740/tools/bin/../lib/gcc/arm-none-eabi/14.3.1/../../../../arm-none-eabi/lib/thumb/v7e-m+fp/hard/libc_nano.a(libc_a-memset.o)
                              /Applications/STM32CubeIDE.app/Contents/Eclipse/plugins/com.st.stm32cube.ide.mcu.externaltools.gnu-tools-for-stm32.14.3.rel1.macosaarch64_1.0.0.202602081740/tools/bin/../lib/gcc/arm-none-eabi/14.3.1/../../../../arm-none-eabi/lib/thumb/v7e-m+fp/hard/crt0.o (memset)
/Applications/STM32CubeIDE.app/Contents/Eclipse/plugins/com.st.stm32cube.ide.mcu.externaltools.gnu-tools-for-stm32.14.3.rel1.macosaarch64_1.0.0.202602081740/tools/bin/../lib/gcc/arm-none-eabi/14.3.1/../../../../arm-none-eabi/lib/thumb/v7e-m+fp/hard/libc_nano.a(libc_a-errno.o)
                              ./Src/syscalls.o (__errno)
/Applications/STM32CubeIDE.app/Contents/Eclipse/plugins/com.st.stm32cube.ide.mcu.externaltools.gnu-tools-for-stm32.14.3.rel1.macosaarch64_1.0.0.202602081740/tools/bin/../lib/gcc/arm-none-eabi/14.3.1/../../../../arm-none-eabi/lib/thumb/v7e-m+fp/hard/libc_nano.a(libc_a-init.o)
                              /Applications/STM32CubeIDE.app/Contents/Eclipse/plugins/com.st.stm32cube.ide.mcu.externaltools.gnu-tools-for-stm32.14.3.rel1.macosaarch64_1.0.0.202602081740/tools/bin/../lib/gcc/arm-none-eabi/14.3.1/../../../../arm-none-eabi/lib/thumb/v7e-m+fp/hard/crt0.o (__libc_init_array)
/Applications/STM32CubeIDE.app/Contents/Eclipse/plugins/com.st.stm32cube.ide.mcu.externaltools.gnu-tools-for-stm32.14.3.rel1.macosaarch64_1.0.0.202602081740/tools/bin/../lib/gcc/arm-none-eabi/14.3.1/../../../../arm-none-eabi/lib/thumb/v7e-m+fp/hard/libc_nano.a(libc_a-lock.o)
                              /Applications/STM32CubeIDE.app/Contents/Eclipse/plugins/com.st.stm32cube.ide.mcu.externaltools.gnu-tools-for-stm32.14.3.rel1.macosaarch64_1.0.0.202602081740/tools/bin/../lib/gcc/arm-none-eabi/14.3.1/../../../../arm-none-eabi/lib/thumb/v7e-m+fp/hard/libc_nano.a(libc_a-findfp.o) (__retarget_lock_init_recursive)
/Applications/STM32CubeIDE.app/Contents/Eclipse/plugins/com.st.stm32cube.ide.mcu.externaltools.gnu-tools-for-stm32.14.3.rel1.macosaarch64_1.0.0.202602081740/tools/bin/../lib/gcc/arm-none-eabi/14.3.1/../../../../arm-none-eabi/lib/thumb/v7e-m+fp/hard/libc_nano.a(libc_a-impure.o)
                              /Applications/STM32CubeIDE.app/Contents/Eclipse/plugins/com.st.stm32cube.ide.mcu.externaltools.gnu-tools-for-stm32.14.3.rel1.macosaarch64_1.0.0.202602081740/tools/bin/../lib/gcc/arm-none-eabi/14.3.1/../../../../arm-none-eabi/lib/thumb/v7e-m+fp/hard/libc_nano.a(libc_a-errno.o) (_impure_ptr)
/Applications/STM32CubeIDE.app/Contents/Eclipse/plugins/com.st.stm32cube.ide.mcu.externaltools.gnu-tools-for-stm32.14.3.rel1.macosaarch64_1.0.0.202602081740/tools/bin/../lib/gcc/arm-none-eabi/14.3.1/../../../../arm-none-eabi/lib/thumb/v7e-m+fp/hard/libc_nano.a(libc_a-mallocr.o)
[...]
Memory Configuration

Name             Origin             Length             Attributes
RAM              0x20000000         0x00018000         xrw
FLASH            0x08000000         0x00080000         xr
*default*        0x00000000         0xffffffff

Linker script and memory map

LOAD /Applications/STM32CubeIDE.app/Contents/Eclipse/plugins/com.st.stm32cube.ide.mcu.externaltools.gnu-tools-for-stm32.14.3.rel1.macosaarch64_1.0.0.202602081740/tools/bin/../lib/gcc/arm-none-eabi/14.3.1/thumb/v7e-m+fp/hard/crti.o
LOAD /Applications/STM32CubeIDE.app/Contents/Eclipse/plugins/com.st.stm32cube.ide.mcu.externaltools.gnu-tools-for-stm32.14.3.rel1.macosaarch64_1.0.0.202602081740/tools/bin/../lib/gcc/arm-none-eabi/14.3.1/thumb/v7e-m+fp/hard/crtbegin.o
LOAD /Applications/STM32CubeIDE.app/Contents/Eclipse/plugins/com.st.stm32cube.ide.mcu.externaltools.gnu-tools-for-stm32.14.3.rel1.macosaarch64_1.0.0.202602081740/tools/bin/../lib/gcc/arm-none-eabi/14.3.1/../../../../arm-none-eabi/lib/thumb/v7e-m+fp/hard/crt0.o
LOAD ./Src/button_interrupt.o
LOAD ./Src/delay.o
LOAD ./Src/main.o
LOAD ./Src/syscalls.o
LOAD ./Src/sysmem.o
LOAD ./Startup/startup_stm32f401retx.o
LOAD ./drivers/src/stm32f401xx_gpio.o
START GROUP
LOAD /Applications/STM32CubeIDE.app/Contents/Eclipse/plugins/com.st.stm32cube.ide.mcu.externaltools.gnu-tools-for-stm32.14.3.rel1.macosaarch64_1.0.0.202602081740/tools/bin/../lib/gcc/arm-none-eabi/14.3.1/../../../../arm-none-eabi/lib/thumb/v7e-m+fp/hard/libc_nano.a
LOAD /Applications/STM32CubeIDE.app/Contents/Eclipse/plugins/com.st.stm32cube.ide.mcu.externaltools.gnu-tools-for-stm32.14.3.rel1.macosaarch64_1.0.0.202602081740/tools/bin/../lib/gcc/arm-none-eabi/14.3.1/../../../../arm-none-eabi/lib/thumb/v7e-m+fp/hard/libm.a
END GROUP
START GROUP
LOAD /Applications/STM32CubeIDE.app/Contents/Eclipse/plugins/com.st.stm32cube.ide.mcu.externaltools.gnu-tools-for-stm32.14.3.rel1.macosaarch64_1.0.0.202602081740/tools/bin/../lib/gcc/arm-none-eabi/14.3.1/thumb/v7e-m+fp/hard/libgcc.a
LOAD /Applications/STM32CubeIDE.app/Contents/Eclipse/plugins/com.st.stm32cube.ide.mcu.externaltools.gnu-tools-for-stm32.14.3.rel1.macosaarch64_1.0.0.202602081740/tools/bin/../lib/gcc/arm-none-eabi/14.3.1/../../../../arm-none-eabi/lib/thumb/v7e-m+fp/hard/libc_nano.a
END GROUP
START GROUP
LOAD /Applications/STM32CubeIDE.app/Contents/Eclipse/plugins/com.st.stm32cube.ide.mcu.externaltools.gnu-tools-for-stm32.14.3.rel1.macosaarch64_1.0.0.202602081740/tools/bin/../lib/gcc/arm-none-eabi/14.3.1/thumb/v7e-m+fp/hard/libgcc.a
LOAD /Applications/STM32CubeIDE.app/Contents/Eclipse/plugins/com.st.stm32cube.ide.mcu.externaltools.gnu-tools-for-stm32.14.3.rel1.macosaarch64_1.0.0.202602081740/tools/bin/../lib/gcc/arm-none-eabi/14.3.1/../../../../arm-none-eabi/lib/thumb/v7e-m+fp/hard/libc_nano.a
LOAD /Applications/STM32CubeIDE.app/Contents/Eclipse/plugins/com.st.stm32cube.ide.mcu.externaltools.gnu-tools-for-stm32.14.3.rel1.macosaarch64_1.0.0.202602081740/tools/bin/../lib/gcc/arm-none-eabi/14.3.1/../../../../arm-none-eabi/lib/thumb/v7e-m+fp/hard/libnosys.a
END GROUP
START GROUP
LOAD /Applications/STM32CubeIDE.app/Contents/Eclipse/plugins/com.st.stm32cube.ide.mcu.externaltools.gnu-tools-for-stm32.14.3.rel1.macosaarch64_1.0.0.202602081740/tools/bin/../lib/gcc/arm-none-eabi/14.3.1/thumb/v7e-m+fp/hard/libgcc.a
LOAD /Applications/STM32CubeIDE.app/Contents/Eclipse/plugins/com.st.stm32cube.ide.mcu.externaltools.gnu-tools-for-stm32.14.3.rel1.macosaarch64_1.0.0.202602081740/tools/bin/../lib/gcc/arm-none-eabi/14.3.1/../../../../arm-none-eabi/lib/thumb/v7e-m+fp/hard/libc_nano.a
LOAD /Applications/STM32CubeIDE.app/Contents/Eclipse/plugins/com.st.stm32cube.ide.mcu.externaltools.gnu-tools-for-stm32.14.3.rel1.macosaarch64_1.0.0.202602081740/tools/bin/../lib/gcc/arm-none-eabi/14.3.1/../../../../arm-none-eabi/lib/thumb/v7e-m+fp/hard/libnosys.a
END GROUP
LOAD /Applications/STM32CubeIDE.app/Contents/Eclipse/plugins/com.st.stm32cube.ide.mcu.externaltools.gnu-tools-for-stm32.14.3.rel1.macosaarch64_1.0.0.202602081740/tools/bin/../lib/gcc/arm-none-eabi/14.3.1/thumb/v7e-m+fp/hard/crtend.o
LOAD /Applications/STM32CubeIDE.app/Contents/Eclipse/plugins/com.st.stm32cube.ide.mcu.externaltools.gnu-tools-for-stm32.14.3.rel1.macosaarch64_1.0.0.202602081740/tools/bin/../lib/gcc/arm-none-eabi/14.3.1/thumb/v7e-m+fp/hard/crtn.o
                0x20018000                        _estack = (ORIGIN (RAM) + LENGTH (RAM))
                0x00000200                        _Min_Heap_Size = 0x200
                0x00000400                        _Min_Stack_Size = 0x400

.isr_vector     0x08000000      0x194
                0x08000000                        . = ALIGN (0x4)
 *(.isr_vector)
 .isr_vector    0x08000000      0x194 ./Startup/startup_stm32f401retx.o
                0x08000000                g_pfnVectors
                0x08000194                        . = ALIGN (0x4)

.text           0x08000194      0x7b8
                0x08000194                        . = ALIGN (0x4)
 *(.text)
 .text          0x08000194       0x40 /Applications/STM32CubeIDE.app/Contents/Eclipse/plugins/com.st.stm32cube.ide.mcu.externaltools.gnu-tools-for-stm32.14.3.rel1.macosaarch64_1.0.0.202602081740/tools/bin/../lib/gcc/arm-none-eabi/14.3.1/thumb/v7e-m+fp/hard/crtbegin.o
 *(.text*)
 .text.button_interrupt_init
                0x080001d4       0x88 ./Src/button_interrupt.o
                0x080001d4                button_interrupt_init
 .text.EXTI15_10_IRQHandler
                0x0800025c       0x1c ./Src/main.o
                0x0800025c                EXTI15_10_IRQHandler
 .text.main     0x08000278        0xc ./Src/main.o
                0x08000278                main
 .text.Reset_Handler
                0x08000284       0x50 ./Startup/startup_stm32f401retx.o
                0x08000284                Reset_Handler
 .text.Default_Handler
                0x080002d4        0x2 ./Startup/startup_stm32f401retx.o
                0x080002d4                DMA1_Stream3_IRQHandler
                0x080002d4                DebugMon_Handler
                0x080002d4                SPI4_IRQHandler
                0x080002d4                TIM1_CC_IRQHandler
                0x080002d4                DMA2_Stream5_IRQHandler
                0x080002d4                HardFault_Handler
                0x080002d4                DMA1_Stream5_IRQHandler
                0x080002d4                SysTick_Handler
                0x080002d4                SDIO_IRQHandler
                0x080002d4                TAMP_STAMP_IRQHandler
                0x080002d4                PendSV_Handler
                0x080002d4                NMI_Handler
                0x080002d4                EXTI3_IRQHandler
                0x080002d4                TIM1_UP_TIM10_IRQHandler
                0x080002d4                I2C3_ER_IRQHandler
                0x080002d4                EXTI18_OTG_FS_WKUP_IRQHandler
                0x080002d4                EXTI0_IRQHandler
                0x080002d4                I2C2_EV_IRQHandler
                0x080002d4                DMA1_Stream2_IRQHandler
                0x080002d4                UsageFault_Handler
                0x080002d4                DMA2_Stream2_IRQHandler
                0x080002d4                SPI1_IRQHandler
                0x080002d4                TIM1_BRK_TIM9_IRQHandler
                0x080002d4                DMA2_Stream3_IRQHandler
                0x080002d4                USART6_IRQHandler
                0x080002d4                DMA2_Stream0_IRQHandler
                0x080002d4                TIM4_IRQHandler
                0x080002d4                I2C1_EV_IRQHandler
                0x080002d4                DMA1_Stream6_IRQHandler
                0x080002d4                DMA1_Stream1_IRQHandler
                0x080002d4                TIM3_IRQHandler
                0x080002d4                RCC_IRQHandler
                0x080002d4                Default_Handler
                0x080002d4                ADC_IRQHandler
                0x080002d4                DMA1_Stream7_IRQHandler
                0x080002d4                TIM5_IRQHandler
                0x080002d4                DMA2_Stream7_IRQHandler
                0x080002d4                I2C3_EV_IRQHandler
                0x080002d4                EXTI9_5_IRQHandler
                0x080002d4                SPI2_IRQHandler
                0x080002d4                MemManage_Handler
                0x080002d4                DMA1_Stream0_IRQHandler
                0x080002d4                SVC_Handler
                0x080002d4                EXTI4_IRQHandler
                0x080002d4                EXTI22_RTC_WKUP_IRQHandler
                0x080002d4                TIM2_IRQHandler
                0x080002d4                EXTI16_PVD_IRQHandler
                0x080002d4                TIM1_TRG_COM_TIM11_IRQHandler
                0x080002d4                EXTI1_IRQHandler
                0x080002d4                EXTI17_RTC_Alarm_IRQHandler
                0x080002d4                USART2_IRQHandler
                0x080002d4                I2C2_ER_IRQHandler
                0x080002d4                DMA2_Stream1_IRQHandler
                0x080002d4                FLASH_IRQHandler
                0x080002d4                DMA2_Stream4_IRQHandler
                0x080002d4                BusFault_Handler
                0x080002d4                USART1_IRQHandler
                0x080002d4                OTG_FS_IRQHandler
                0x080002d4                SPI3_IRQHandler
                0x080002d4                DMA1_Stream4_IRQHandler
                0x080002d4                I2C1_ER_IRQHandler
                0x080002d4                DMA2_Stream6_IRQHandler
                0x080002d4                EXTI2_IRQHandler
 *fill*         0x080002d6        0x2 
 .text.GPIO_PeriClockControl
                0x080002d8      0x140 ./drivers/src/stm32f401xx_gpio.o
                0x080002d8                GPIO_PeriClockControl
 .text.GPIO_Init
                0x08000418      0x2e0 ./drivers/src/stm32f401xx_gpio.o
                0x08000418                GPIO_Init
 .text.GPIO_ToggleOutputPin
                0x080006f8       0x2a ./drivers/src/stm32f401xx_gpio.o
                0x080006f8                GPIO_ToggleOutputPin
 *fill*         0x08000722        0x2 
 .text.GPIO_IRQInterruptConfig
                0x08000724      0x10c ./drivers/src/stm32f401xx_gpio.o
                0x08000724                GPIO_IRQInterruptConfig
 .text.GPIO_IRQPriorityConfig
                0x08000830       0x84 ./drivers/src/stm32f401xx_gpio.o
                0x08000830                GPIO_IRQPriorityConfig
 .text.GPIO_IRQHandling
                0x080008b4       0x38 ./drivers/src/stm32f401xx_gpio.o
                0x080008b4                GPIO_IRQHandling
 .text.__libc_init_array
                0x080008ec       0x48 /Applications/STM32CubeIDE.app/Contents/Eclipse/plugins/com.st.stm32cube.ide.mcu.externaltools.gnu-tools-for-stm32.14.3.rel1.macosaarch64_1.0.0.202602081740/tools/bin/../lib/gcc/arm-none-eabi/14.3.1/../../../../arm-none-eabi/lib/thumb/v7e-m+fp/hard/libc_nano.a(libc_a-init.o)
                0x080008ec                __libc_init_array
 *(.glue_7)
 .glue_7        0x08000934        0x0 linker stubs
 *(.glue_7t)
 .glue_7t       0x08000934        0x0 linker stubs
 *(.eh_frame)
 .eh_frame      0x08000934        0x0 /Applications/STM32CubeIDE.app/Contents/Eclipse/plugins/com.st.stm32cube.ide.mcu.externaltools.gnu-tools-for-stm32.14.3.rel1.macosaarch64_1.0.0.202602081740/tools/bin/../lib/gcc/arm-none-eabi/14.3.1/thumb/v7e-m+fp/hard/crtbegin.o
 *(.init)
 .init          0x08000934        0x4 /Applications/STM32CubeIDE.app/Contents/Eclipse/plugins/com.st.stm32cube.ide.mcu.externaltools.gnu-tools-for-stm32.14.3.rel1.macosaarch64_1.0.0.202602081740/tools/bin/../lib/gcc/arm-none-eabi/14.3.1/thumb/v7e-m+fp/hard/crti.o
                0x08000934                _init
 .init          0x08000938        0x8 /Applications/STM32CubeIDE.app/Contents/Eclipse/plugins/com.st.stm32cube.ide.mcu.externaltools.gnu-tools-for-stm32.14.3.rel1.macosaarch64_1.0.0.202602081740/tools/bin/../lib/gcc/arm-none-eabi/14.3.1/thumb/v7e-m+fp/hard/crtn.o
 *(.fini)
 .fini          0x08000940        0x4 /Applications/STM32CubeIDE.app/Contents/Eclipse/plugins/com.st.stm32cube.ide.mcu.externaltools.gnu-tools-for-stm32.14.3.rel1.macosaarch64_1.0.0.202602081740/tools/bin/../lib/gcc/arm-none-eabi/14.3.1/thumb/v7e-m+fp/hard/crti.o
                0x08000940                _fini
 .fini          0x08000944        0x8 /Applications/STM32CubeIDE.app/Contents/Eclipse/plugins/com.st.stm32cube.ide.mcu.externaltools.gnu-tools-for-stm32.14.3.rel1.macosaarch64_1.0.0.202602081740/tools/bin/../lib/gcc/arm-none-eabi/14.3.1/thumb/v7e-m+fp/hard/crtn.o
                0x0800094c                        . = ALIGN (0x4)
                0x0800094c                        _etext = .

.vfp11_veneer   0x0800094c        0x0
 .vfp11_veneer  0x0800094c        0x0 linker stubs

.v4_bx          0x0800094c        0x0
 .v4_bx         0x0800094c        0x0 linker stubs

.iplt           0x0800094c        0x0
 .iplt          0x0800094c        0x0 /Applications/STM32CubeIDE.app/Contents/Eclipse/plugins/com.st.stm32cube.ide.mcu.externaltools.gnu-tools-for-stm32.14.3.rel1.macosaarch64_1.0.0.202602081740/tools/bin/../lib/gcc/arm-none-eabi/14.3.1/thumb/v7e-m+fp/hard/crtbegin.o

.rodata         0x0800094c        0x0
                0x0800094c                        . = ALIGN (0x4)
 *(.rodata)
 *(.rodata*)
                0x0800094c                        . = ALIGN (0x4)

.ARM.extab      0x0800094c        0x0
                0x0800094c                        . = ALIGN (0x4)
 *(.ARM.extab* .gnu.linkonce.armextab.*)
                0x0800094c                        . = ALIGN (0x4)

.ARM            0x0800094c        0x0
                0x0800094c                        . = ALIGN (0x4)
                0x0800094c                        __exidx_start = .
 *(.ARM.exidx*)
                0x0800094c                        __exidx_end = .
                0x0800094c                        . = ALIGN (0x4)

.preinit_array  0x0800094c        0x0
                0x0800094c                        . = ALIGN (0x4)
                0x0800094c                        PROVIDE (__preinit_array_start = .)
 *(.preinit_array*)
                0x0800094c                        PROVIDE (__preinit_array_end = .)
                0x0800094c                        . = ALIGN (0x4)

.init_array     0x0800094c        0x4
                0x0800094c                        . = ALIGN (0x4)
                0x0800094c                        PROVIDE (__init_array_start = .)
 *(SORT_BY_NAME(.init_array.*))
 *(.init_array*)
 .init_array    0x0800094c        0x4 /Applications/STM32CubeIDE.app/Contents/Eclipse/plugins/com.st.stm32cube.ide.mcu.externaltools.gnu-tools-for-stm32.14.3.rel1.macosaarch64_1.0.0.202602081740/tools/bin/../lib/gcc/arm-none-eabi/14.3.1/thumb/v7e-m+fp/hard/crtbegin.o
                0x08000950                        PROVIDE (__init_array_end = .)
                0x08000950                        . = ALIGN (0x4)

.fini_array     0x08000950        0x4
                0x08000950                        . = ALIGN (0x4)
                [!provide]                        PROVIDE (__fini_array_start = .)
 *(SORT_BY_NAME(.fini_array.*))
 *(.fini_array*)
 .fini_array    0x08000950        0x4 /Applications/STM32CubeIDE.app/Contents/Eclipse/plugins/com.st.stm32cube.ide.mcu.externaltools.gnu-tools-for-stm32.14.3.rel1.macosaarch64_1.0.0.202602081740/tools/bin/../lib/gcc/arm-none-eabi/14.3.1/thumb/v7e-m+fp/hard/crtbegin.o
                [!provide]                        PROVIDE (__fini_array_end = .)
                0x08000954                        . = ALIGN (0x4)
                0x08000954                        _sidata = LOADADDR (.data)

.rel.dyn        0x08000954        0x0
 .rel.iplt      0x08000954        0x0 /Applications/STM32CubeIDE.app/Contents/Eclipse/plugins/com.st.stm32cube.ide.mcu.externaltools.gnu-tools-for-stm32.14.3.rel1.macosaarch64_1.0.0.202602081740/tools/bin/../lib/gcc/arm-none-eabi/14.3.1/thumb/v7e-m+fp/hard/crtbegin.o

.data           0x20000000        0x0 load address 0x08000954
                0x20000000                        . = ALIGN (0x4)
                0x20000000                        _sdata = .
 *(.data)
 *(.data*)
 *(.RamFunc)
 *(.RamFunc*)
                0x20000000                        . = ALIGN (0x4)
                0x20000000                        _edata = .

.igot.plt       0x20000000        0x0 load address 0x08000954
 .igot.plt      0x20000000        0x0 /Applications/STM32CubeIDE.app/Contents/Eclipse/plugins/com.st.stm32cube.ide.mcu.externaltools.gnu-tools-for-stm32.14.3.rel1.macosaarch64_1.0.0.202602081740/tools/bin/../lib/gcc/arm-none-eabi/14.3.1/thumb/v7e-m+fp/hard/crtbegin.o
                0x20000000                        . = ALIGN (0x4)

.bss            0x20000000       0x54 load address 0x08000954
                0x20000000                        _sbss = .
                0x20000000                        __bss_start__ = _sbss
 *(.bss)
 .bss           0x20000000       0x1c /Applications/STM32CubeIDE.app/Contents/Eclipse/plugins/com.st.stm32cube.ide.mcu.externaltools.gnu-tools-for-stm32.14.3.rel1.macosaarch64_1.0.0.202602081740/tools/bin/../lib/gcc/arm-none-eabi/14.3.1/thumb/v7e-m+fp/hard/crtbegin.o
 *(.bss*)
 .bss.GpioLed   0x2000001c       0x1c ./Src/button_interrupt.o
 .bss.GpioButton
                0x20000038       0x1c ./Src/button_interrupt.o
 *(COMMON)
                0x20000054                        . = ALIGN (0x4)
                0x20000054                        _ebss = .
                0x20000054                        __bss_end__ = _ebss

._user_heap_stack
                0x20000054      0x604 load address 0x08000954
                0x20000058                        . = ALIGN (0x8)
 *fill*         0x20000054        0x4 
                [!provide]                        PROVIDE (end = .)
                0x20000058                        PROVIDE (_end = .)
                0x20000258                        . = (. + _Min_Heap_Size)
 *fill*         0x20000058      0x200 
                0x20000658                        . = (. + _Min_Stack_Size)
 *fill*         0x20000258      0x400 
                0x20000658                        . = ALIGN (0x8)

/DISCARD/
 libc.a(*)
 libm.a(*)
 libgcc.a(*)

.ARM.attributes
                0x00000000       0x30
 *(.ARM.attributes)
 .ARM.attributes
                0x00000000       0x22 /Applications/STM32CubeIDE.app/Contents/Eclipse/plugins/com.st.stm32cube.ide.mcu.externaltools.gnu-tools-for-stm32.14.3.rel1.macosaarch64_1.0.0.202602081740/tools/bin/../lib/gcc/arm-none-eabi/14.3.1/thumb/v7e-m+fp/hard/crti.o
 .ARM.attributes
                0x00000022       0x34 /Applications/STM32CubeIDE.app/Contents/Eclipse/plugins/com.st.stm32cube.ide.mcu.externaltools.gnu-tools-for-stm32.14.3.rel1.macosaarch64_1.0.0.202602081740/tools/bin/../lib/gcc/arm-none-eabi/14.3.1/thumb/v7e-m+fp/hard/crtbegin.o
 .ARM.attributes
                0x00000056       0x34 ./Src/button_interrupt.o
 .ARM.attributes
                0x0000008a       0x34 ./Src/main.o
 .ARM.attributes
                0x000000be       0x21 ./Startup/startup_stm32f401retx.o
 .ARM.attributes
                0x000000df       0x34 ./drivers/src/stm32f401xx_gpio.o
 .ARM.attributes
                0x00000113       0x34 /Applications/STM32CubeIDE.app/Contents/Eclipse/plugins/com.st.stm32cube.ide.mcu.externaltools.gnu-tools-for-stm32.14.3.rel1.macosaarch64_1.0.0.202602081740/tools/bin/../lib/gcc/arm-none-eabi/14.3.1/../../../../arm-none-eabi/lib/thumb/v7e-m+fp/hard/libc_nano.a(libc_a-init.o)
 .ARM.attributes
                0x00000147       0x22 /Applications/STM32CubeIDE.app/Contents/Eclipse/plugins/com.st.stm32cube.ide.mcu.externaltools.gnu-tools-for-stm32.14.3.rel1.macosaarch64_1.0.0.202602081740/tools/bin/../lib/gcc/arm-none-eabi/14.3.1/thumb/v7e-m+fp/hard/crtn.o
OUTPUT(button_interrupt.elf elf32-littlearm)
LOAD linker stubs
LOAD /Applications/STM32CubeIDE.app/Contents/Eclipse/plugins/com.st.stm32cube.ide.mcu.externaltools.gnu-tools-for-stm32.14.3.rel1.macosaarch64_1.0.0.202602081740/tools/bin/../lib/gcc/arm-none-eabi/14.3.1/../../../../arm-none-eabi/lib/thumb/v7e-m+fp/hard/libc.a
LOAD /Applications/STM32CubeIDE.app/Contents/Eclipse/plugins/com.st.stm32cube.ide.mcu.externaltools.gnu-tools-for-stm32.14.3.rel1.macosaarch64_1.0.0.202602081740/tools/bin/../lib/gcc/arm-none-eabi/14.3.1/../../../../arm-none-eabi/lib/thumb/v7e-m+fp/hard/libm.a
LOAD /Applications/STM32CubeIDE.app/Contents/Eclipse/plugins/com.st.stm32cube.ide.mcu.externaltools.gnu-tools-for-stm32.14.3.rel1.macosaarch64_1.0.0.202602081740/tools/bin/../lib/gcc/arm-none-eabi/14.3.1/thumb/v7e-m+fp/hard/libgcc.a

.debug_info     0x00000000      0xbf0
 .debug_info    0x00000000      0x25c ./Src/button_interrupt.o
 .debug_info    0x0000025c      0x1a7 ./Src/main.o
 .debug_info    0x00000403       0x30 ./Startup/startup_stm32f401retx.o
 .debug_info    0x00000433      0x7bd ./drivers/src/stm32f401xx_gpio.o

.debug_abbrev   0x00000000      0x39c
 .debug_abbrev  0x00000000       0xdc ./Src/button_interrupt.o
 .debug_abbrev  0x000000dc       0xf7 ./Src/main.o
 .debug_abbrev  0x000001d3       0x24 ./Startup/startup_stm32f401retx.o
 .debug_abbrev  0x000001f7      0x1a5 ./drivers/src/stm32f401xx_gpio.o

.debug_aranges  0x00000000       0xf8
 .debug_aranges
                0x00000000       0x20 ./Src/button_interrupt.o
 .debug_aranges
                0x00000020       0x28 ./Src/main.o
 .debug_aranges
                0x00000048       0x28 ./Startup/startup_stm32f401retx.o
 .debug_aranges
                0x00000070       0x88 ./drivers/src/stm32f401xx_gpio.o

.debug_rnglists
                0x00000000       0xac
 .debug_rnglists
                0x00000000       0x14 ./Src/button_interrupt.o
 .debug_rnglists
                0x00000014       0x19 ./Src/main.o
 .debug_rnglists
                0x0000002d       0x19 ./Startup/startup_stm32f401retx.o
 .debug_rnglists
                0x00000046       0x66 ./drivers/src/stm32f401xx_gpio.o

.debug_macro    0x00000000     0x662a
 .debug_macro   0x00000000       0x8b ./Src/button_interrupt.o
 .debug_macro   0x0000008b      0xade ./Src/button_interrupt.o
 .debug_macro   0x00000b69       0x22 ./Src/button_interrupt.o
 .debug_macro   0x00000b8b       0x8e ./Src/button_interrupt.o
 .debug_macro   0x00000c19       0x51 ./Src/button_interrupt.o
 .debug_macro   0x00000c6a      0x103 ./Src/button_interrupt.o
 .debug_macro   0x00000d6d       0x6a ./Src/button_interrupt.o
 .debug_macro   0x00000dd7      0x1df ./Src/button_interrupt.o
 .debug_macro   0x00000fb6     0x29f1 ./Src/button_interrupt.o
 .debug_macro   0x000039a7      0x178 ./Src/button_interrupt.o
 .debug_macro   0x00003b1f       0x8f ./Src/main.o
 .debug_macro   0x00003bae     0x29f7 ./Src/main.o
 .debug_macro   0x000065a5       0x85 ./drivers/src/stm32f401xx_gpio.o

.debug_line     0x00000000     0x12d2
 .debug_line    0x00000000      0x477 ./Src/button_interrupt.o
 .debug_line    0x00000477      0x464 ./Src/main.o
 .debug_line    0x000008db       0x7b ./Startup/startup_stm32f401retx.o
 .debug_line    0x00000956      0x97c ./drivers/src/stm32f401xx_gpio.o

.debug_str      0x00000000     0xe7dc
 .debug_str     0x00000000     0xe7dc ./Src/button_interrupt.o
                               0xe64c (size before relaxing)
 .debug_str     0x0000e7dc     0xe5a7 ./Src/main.o
 .debug_str     0x0000e7dc       0x89 ./Startup/startup_stm32f401retx.o
 .debug_str     0x0000e7dc     0xe897 ./drivers/src/stm32f401xx_gpio.o

.comment        0x00000000       0x43
 .comment       0x00000000       0x43 ./Src/button_interrupt.o
                                 0x44 (size before relaxing)
 .comment       0x00000043       0x44 ./Src/main.o
 .comment       0x00000043       0x44 ./drivers/src/stm32f401xx_gpio.o

.debug_frame    0x00000000      0x2a8
 .debug_frame   0x00000000       0x2c ./Src/button_interrupt.o
 .debug_frame   0x0000002c       0x48 ./Src/main.o
 .debug_frame   0x00000074      0x208 ./drivers/src/stm32f401xx_gpio.o
 .debug_frame   0x0000027c       0x2c /Applications/STM32CubeIDE.app/Contents/Eclipse/plugins/com.st.stm32cube.ide.mcu.externaltools.gnu-tools-for-stm32.14.3.rel1.macosaarch64_1.0.0.202602081740/tools/bin/../lib/gcc/arm-none-eabi/14.3.1/../../../../arm-none-eabi/lib/thumb/v7e-m+fp/hard/libc_nano.a(libc_a-init.o)

.debug_line_str
                0x00000000       0x6d
 .debug_line_str
                0x00000000       0x6d ./Startup/startup_stm32f401retx.o
